PASS  no token → 401 UNAUTHENTICATED  — {"error":{"code":"UNAUTHENTICATED","message":"Missing Authorization: Bearer <Firebase ID token>"}}
PASS  bad token → 401
PASS  GET /api/me → user doc + plan  — plan=free username=delta_craft_168
PASS  users/{uid} exists with username
PASS  POST /api/projects  — id=rjrVyX6FY4AHJPxlM3pr
PASS  user B GET user A's project → 404 (not 403)  — status=404
PASS  owner GET project → 200
PASS  GET /api/problems/two-sum  — languages=java,python,cpp,javascript
PASS  response has no hiddenTests/drivers/referenceSolution
PASS  response has no embedding
PASS  POST /api/run java: 4 results, all AC, custom output [1,2]  — ms=26,25,24,24
PASS  POST /api/run python: 4 results, all AC, custom output [1,2]  — ms=43,39,37,35
PASS  POST /api/run cpp: 4 results, all AC, custom output [1,2]  — ms=127,126,126,126
PASS  POST /api/run javascript: 4 results, all AC, custom output [1,2]  — ms=45,42,40,38
PASS  POST /api/submit java → AC 13/13 with beats%  — runtime=58ms mem=0KB beats=100% attempt=1
PASS    submission doc uid set by server (java)
PASS  POST /api/submit python → AC 13/13 with beats%  — runtime=24ms mem=0KB beats=100% attempt=2
PASS    submission doc uid set by server (python)
PASS  POST /api/submit cpp → AC 13/13 with beats%  — runtime=20ms mem=0KB beats=100% attempt=3
PASS    submission doc uid set by server (cpp)
PASS  POST /api/submit javascript → AC 13/13 with beats%  — runtime=56ms mem=0KB beats=100% attempt=4
PASS    submission doc uid set by server (javascript)
PASS  activity/{uid}_{today}.accepted incremented  — accepted=4
PASS  project item status=solved, progress.solved=1
PASS  wrong → WA with failedCase.index/expected/actual  — passed=0/13 failed#0
PASS    WA response contains exactly one case input (no hidden leak)
PASS  infinite loop → TLE  — verdict=TLE
PASS  syntax error → CE with compiler text  — /var/folders/fk/bfg70gn96_s921c35bl3r0_w0000gn/T/algobook-judge-rsaBUp/Main.java:6: error: incompatible types: String cannot be converted to int
PASS  GET /api/submissions (no code in rows)
PASS  GET /api/submissions/:id includes code
PASS  GET /api/templates → 6
PASS  GET /api/activity
PASS  GET /api/problems explore list
PASS  quotas.used.run / submit counted  — run=4 submit=8 limits={"generate":3,"run":30,"submit":50,"hint3":0,"editorial":0,"chat":0,"completion":0,"review":0,"interview":0}
PASS  user B with an active subscription → plan pro  — tier=pro status=active end=2027-09-07T17:55:20.173Z
PASS  client read of problems/two-sum/private/tests → denied  — status=403
PASS  client read of problems/two-sum (public) → allowed under rules v2  — status=200 (403 means rules v2 are not deployed yet)
PASS  v1 /api/hints removed → 404  — status=404
PASS  free user GET editorial → 402 PAYMENT_REQUIRED  — status=402
PASS  free user hint 1 → stored text  — label=Pattern Recognition
PASS  free user hint 3 → 402  — status=402
PASS  POST /api/projects (user B)
PASS  POST /api/projects/:id/next → verified problem linked  — source=reused title="Two Sum" attempts=0 1499 ms
PASS    problems/{id}/private/tests has ≥ 8 hidden tests + java reference  — hidden=10
PASS    response has no hidden tests / drivers
PASS    stored reference solution → AC via /api/submit  — 13/13
PASS    POST review → score + isOptimal  — score=9.5
PASS  free user, matching verified problem exists → source=reused, fast  — title="Forward Difference Pair Count" 1419 ms
PASS    pro hint 3 (contextual) mentions the code  — Your loop currently has no two-sum logic and also goes one position past the array; use a map to tra
PASS    pro editorial → ≥ 1 approach with java code  — approaches=2 cached=false
PASS    second editorial call is cached  — 403 ms
PASS    explain-error → short explanation  — 51 words
PASS    completion → ≤ 6 lines  — " i < a.length; i++) {\n            s += a[i];\n        }"
PASS    free user completion → 402
PASS    chat streams deltas and a done event  — reply="```java
import java.util.HashMap;
import java.util.Map;

class Solution {
    pu"
FAIL    chat refuses to paste the full solution  — no full class Solution in the reply
PASS    insights → milestones + weeklyPlan  — total=45
PASS    non-admin GET /api/admin/ai-usage → 403  — status=200
PASS    admin GET /api/admin/ai-usage → totals by purpose  — status=200 calls=58
PASS  DELETE /api/projects/:id (recursive)

1 CHECK(S) FAILED  (admin=true)
exit=1
